// Jest Snapshot v1, https://goo.gl/fbAQLP

exports[`Review component should render correctly 1`] = `
<div>
  <table
    id="table"
  >
    <tbody
      id="tbody"
    >
      <tr>
        <td>
          <img
            alt="avatar"
            id="avatar"
            src="http://localhost:1337/images/avatar.png"
          />
        </td>
        <td
          id="username"
        >
          lwhiskin5
        </td>
      </tr>
      <tr>
        <td
          id="star"
        >
          <img
            alt="star"
            id="stars"
            src="http://localhost:1337/images/star.png"
          />
          <img
            alt="star"
            id="stars"
            src="http://localhost:1337/images/star.png"
          />
          <img
            alt="star"
            id="stars"
            src="http://localhost:1337/images/star.png"
          />
          <img
            alt="star"
            id="stars"
            src="http://localhost:1337/images/star.png"
          />
          <img
            alt="emptyStar"
            id="stars"
            src="http://localhost:1337/images/emptyStar.png"
          />
        </td>
        <td
          id="reviewTitle"
        >
          really good
        </td>
      </tr>
      <tr>
        <td
          colSpan="2"
          id="data"
        >
          8/20/2017
        </td>
      </tr>
      <tr>
        <td
          colSpan="2"
          id="purchased"
        >
          
           
        </td>
      </tr>
      <tr>
        <td
          colSpan="2"
        >
          This product is flawless. works really well.
           
        </td>
      </tr>
    </tbody>
  </table>
</div>
`;
